
Discarded input sections

 .note.GNU-stack
                0x0000000000000000        0x0 /home/lvhang/hexagon4.3/Hexagon_SDK/4.3.0.0/tools/android-ndk-r19c/platforms/android-26/arch-arm64/usr/lib/crtbegin_dynamic.o
 .note.GNU-stack
                0x0000000000000000        0x0 /home/lvhang/hexagon4.3/Hexagon_SDK/4.3.0.0/tools/android-ndk-r19c/platforms/android-26/arch-arm64/usr/lib/crtbegin_dynamic.o
 .llvm_addrsig  0x0000000000000000        0x7 /home/lvhang/hexagon4.3/Hexagon_SDK/4.3.0.0/tools/android-ndk-r19c/platforms/android-26/arch-arm64/usr/lib/crtbegin_dynamic.o
 .note.GNU-stack
                0x0000000000000000        0x0 /home/lvhang/hexagon4.3/Hexagon_SDK/4.3.0.0/tools/android-ndk-r19c/platforms/android-26/arch-arm64/usr/lib/crtend_android.o
 .note.GNU-stack
                0x0000000000000000        0x0 /home/lvhang/hexagon4.3/Hexagon_SDK/4.3.0.0/tools/android-ndk-r19c/platforms/android-26/arch-arm64/usr/lib/crtend_android.o
 .note.GNU-stack
                0x0000000000000000        0x0 android_ReleaseG_aarch64/conv3x3_main.o
 .note.GNU-stack
                0x0000000000000000        0x0 android_ReleaseG_aarch64/conv3x3_test.o
 .note.GNU-stack
                0x0000000000000000        0x0 android_ReleaseG_aarch64/dsp_capabilities_utils.o
 .note.GNU-stack
                0x0000000000000000        0x0 android_ReleaseG_aarch64/ion_allocation.o

Memory Configuration

Name             Origin             Length             Attributes
*default*        0x0000000000000000 0xffffffffffffffff

Linker script and memory map

LOAD /home/lvhang/hexagon4.3/Hexagon_SDK/4.3.0.0/tools/android-ndk-r19c/platforms/android-26/arch-arm64/usr/lib/crtbegin_dynamic.o
LOAD /home/lvhang/hexagon4.3/Hexagon_SDK/4.3.0.0/tools/android-ndk-r19c/platforms/android-26/arch-arm64/usr/lib/crtend_android.o
LOAD /home/lvhang/hexagon4.3/Hexagon_SDK/4.3.0.0/tools/android-ndk-r19c/platforms/android-26/arch-arm64/usr/lib/liblog.so
LOAD /home/lvhang/hexagon4.3/Hexagon_SDK/4.3.0.0/tools/android-ndk-r19c/platforms/android-26/arch-arm64/usr/lib/libdl.so
START GROUP
LOAD android_ReleaseG_aarch64/conv3x3_main.o
LOAD android_ReleaseG_aarch64/conv3x3_test.o
LOAD android_ReleaseG_aarch64/dsp_capabilities_utils.o
LOAD android_ReleaseG_aarch64/ion_allocation.o
LOAD /home/lvhang/hexagon4.3/Hexagon_SDK/4.3.0.0/ipc/fastrpc/rpcmem/prebuilt/android_aarch64/rpcmem.a
LOAD android_ReleaseG_aarch64//libconv3x3.so
LOAD android_ReleaseG_aarch64//libadsprpc.so
END GROUP
LOAD /home/lvhang/hexagon4.3/Hexagon_SDK/4.3.0.0/tools/android-ndk-r19c/platforms/android-26/arch-arm64/usr/lib/libm.so
LOAD /home/lvhang/hexagon4.3/Hexagon_SDK/4.3.0.0/tools/android-ndk-r19c/platforms/android-26/arch-arm64/usr/lib/libc.so
LOAD /home/lvhang/hexagon4.3/Hexagon_SDK/4.3.0.0/tools/android-ndk-r19c/platforms/android-26/arch-arm64/usr/lib/libdl.so
LOAD /home/lvhang/hexagon4.3/Hexagon_SDK/4.3.0.0/tools/android-ndk-r19c/toolchains/llvm/prebuilt/linux-x86_64/bin/../lib/gcc/aarch64-linux-android/4.9.x/libgcc.a
LOAD /home/lvhang/hexagon4.3/Hexagon_SDK/4.3.0.0/tools/android-ndk-r19c/platforms/android-26/arch-arm64/usr/lib/libcompiler_rt-extras.a
LOAD /home/lvhang/hexagon4.3/Hexagon_SDK/4.3.0.0/tools/android-ndk-r19c/toolchains/llvm/prebuilt/linux-x86_64/bin/../lib/gcc/aarch64-linux-android/4.9.x/libgcc_real.a
                [!provide]                        PROVIDE (__executable_start, 0x0)
                0x00000000000001c8                . = (0x0 + SIZEOF_HEADERS)

.interp         0x00000000000001c8       0x15
 *(.interp)
 .interp        0x00000000000001c8       0x15 /home/lvhang/hexagon4.3/Hexagon_SDK/4.3.0.0/tools/android-ndk-r19c/platforms/android-26/arch-arm64/usr/lib/crtbegin_dynamic.o

.note.android.ident
                0x00000000000001e0       0x98
 .note.android.ident
                0x00000000000001e0       0x98 /home/lvhang/hexagon4.3/Hexagon_SDK/4.3.0.0/tools/android-ndk-r19c/platforms/android-26/arch-arm64/usr/lib/crtbegin_dynamic.o

.note.gnu.build-id
 *(.note.gnu.build-id)

.hash           0x0000000000000278      0x18c
 *(.hash)
 .hash          0x0000000000000278      0x18c /home/lvhang/hexagon4.3/Hexagon_SDK/4.3.0.0/tools/android-ndk-r19c/platforms/android-26/arch-arm64/usr/lib/crtbegin_dynamic.o

.gnu.hash
 *(.gnu.hash)

.dynsym         0x0000000000000408      0x5a0
 *(.dynsym)
 .dynsym        0x0000000000000408      0x5a0 /home/lvhang/hexagon4.3/Hexagon_SDK/4.3.0.0/tools/android-ndk-r19c/platforms/android-26/arch-arm64/usr/lib/crtbegin_dynamic.o

.dynstr         0x00000000000009a8      0x2e2
 *(.dynstr)
 .dynstr        0x00000000000009a8      0x2e2 /home/lvhang/hexagon4.3/Hexagon_SDK/4.3.0.0/tools/android-ndk-r19c/platforms/android-26/arch-arm64/usr/lib/crtbegin_dynamic.o

.gnu.version    0x0000000000000c8a       0x78
 *(.gnu.version)
 .gnu.version   0x0000000000000c8a       0x78 /home/lvhang/hexagon4.3/Hexagon_SDK/4.3.0.0/tools/android-ndk-r19c/platforms/android-26/arch-arm64/usr/lib/crtbegin_dynamic.o

.gnu.version_d  0x0000000000000d08        0x0
 *(.gnu.version_d)
 .gnu.version_d
                0x0000000000000d08        0x0 /home/lvhang/hexagon4.3/Hexagon_SDK/4.3.0.0/tools/android-ndk-r19c/platforms/android-26/arch-arm64/usr/lib/crtbegin_dynamic.o

.gnu.version_r  0x0000000000000d08       0x40
 *(.gnu.version_r)
 .gnu.version_r
                0x0000000000000d08       0x40 /home/lvhang/hexagon4.3/Hexagon_SDK/4.3.0.0/tools/android-ndk-r19c/platforms/android-26/arch-arm64/usr/lib/crtbegin_dynamic.o

.rela.dyn       0x0000000000000d48      0x1f8
 *(.rela.init)
 *(.rela.text .rela.text.* .rela.gnu.linkonce.t.*)
 *(.rela.fini)
 *(.rela.rodata .rela.rodata.* .rela.gnu.linkonce.r.*)
 *(.rela.data .rela.data.* .rela.gnu.linkonce.d.*)
 .rela.data     0x0000000000000d48       0x18 /home/lvhang/hexagon4.3/Hexagon_SDK/4.3.0.0/tools/android-ndk-r19c/platforms/android-26/arch-arm64/usr/lib/crtbegin_dynamic.o
 *(.rela.tdata .rela.tdata.* .rela.gnu.linkonce.td.*)
 *(.rela.tbss .rela.tbss.* .rela.gnu.linkonce.tb.*)
 *(.rela.ctors)
 *(.rela.dtors)
 *(.rela.got)
 .rela.got      0x0000000000000d60      0x1e0 /home/lvhang/hexagon4.3/Hexagon_SDK/4.3.0.0/tools/android-ndk-r19c/platforms/android-26/arch-arm64/usr/lib/crtbegin_dynamic.o
 *(.rela.bss .rela.bss.* .rela.gnu.linkonce.b.*)
 *(.rela.ifunc)
 .rela.ifunc    0x0000000000000f40        0x0 /home/lvhang/hexagon4.3/Hexagon_SDK/4.3.0.0/tools/android-ndk-r19c/platforms/android-26/arch-arm64/usr/lib/crtbegin_dynamic.o

.rela.plt       0x0000000000000f40      0x318
 *(.rela.plt)
 .rela.plt      0x0000000000000f40      0x318 /home/lvhang/hexagon4.3/Hexagon_SDK/4.3.0.0/tools/android-ndk-r19c/platforms/android-26/arch-arm64/usr/lib/crtbegin_dynamic.o
                [!provide]                        PROVIDE (__rela_iplt_start, .)
 *(.rela.iplt)
                [!provide]                        PROVIDE (__rela_iplt_end, .)

.init
 *(SORT(.init))

.plt            0x0000000000001260      0x230
 *(.plt)
 .plt           0x0000000000001260      0x230 /home/lvhang/hexagon4.3/Hexagon_SDK/4.3.0.0/tools/android-ndk-r19c/platforms/android-26/arch-arm64/usr/lib/crtbegin_dynamic.o
 *(.iplt)

.text           0x0000000000001490     0x15d0
 *(.text.unlikely .text.*_unlikely .text.unlikely.*)
 *(.text.exit .text.exit.*)
 *(.text.startup .text.startup.*)
 *(.text.hot .text.hot.*)
 *(.text .stub .text.* .gnu.linkonce.t.*)
 .text          0x0000000000001490       0x84 /home/lvhang/hexagon4.3/Hexagon_SDK/4.3.0.0/tools/android-ndk-r19c/platforms/android-26/arch-arm64/usr/lib/crtbegin_dynamic.o
                0x0000000000001490                _start
                0x00000000000014e0                __atexit_handler_wrapper
                0x00000000000014ec                atexit
                0x0000000000001508                pthread_atfork
 .text          0x0000000000001514        0x0 /home/lvhang/hexagon4.3/Hexagon_SDK/4.3.0.0/tools/android-ndk-r19c/platforms/android-26/arch-arm64/usr/lib/crtend_android.o
 .text          0x0000000000001514      0x1b4 android_ReleaseG_aarch64/conv3x3_main.o
                0x0000000000001514                main
 .text          0x00000000000016c8      0x8c0 android_ReleaseG_aarch64/conv3x3_test.o
                0x00000000000016c8                print_buf
                0x0000000000001768                local_conv3x3
                0x0000000000001a4c                print_time
                0x0000000000001a74                conv3x3_test
 .text          0x0000000000001f88      0x23c android_ReleaseG_aarch64/dsp_capabilities_utils.o
                0x0000000000001f88                get_dsp_support
                0x0000000000002050                get_vtcm_info
                0x0000000000002124                get_unsignedpd_support
 .text          0x00000000000021c4      0x89c android_ReleaseG_aarch64/ion_allocation.o
                0x00000000000021c4                ion_alloc
                0x000000000000231c                ion_map
                0x000000000000236c                ion_free
                0x00000000000023b8                alloc_init
                0x0000000000002564                alloc_finalize
                0x0000000000002620                alloc_ion
                0x0000000000002918                alloc_ion_free
 *(.gnu.warning)

.fini
 *(SORT(.fini))
                [!provide]                        PROVIDE (__etext, .)
                [!provide]                        PROVIDE (_etext, .)
                [!provide]                        PROVIDE (etext, .)

.rodata         0x0000000000002a60      0xa54
 *(.rodata .rodata.* .gnu.linkonce.r.*)
 .rodata        0x0000000000002a60       0x38 android_ReleaseG_aarch64/conv3x3_main.o
 .rodata.str1.1
                0x0000000000002a98       0x82 android_ReleaseG_aarch64/conv3x3_main.o
 *fill*         0x0000000000002b1a        0x6 
 .rodata.str1.16
                0x0000000000002b20      0x1a3 android_ReleaseG_aarch64/conv3x3_main.o
 *fill*         0x0000000000002cc3        0x1 
 .rodata.str1.4
                0x0000000000002cc4        0x9 android_ReleaseG_aarch64/conv3x3_main.o
 *fill*         0x0000000000002ccd        0x3 
 .rodata.cst8   0x0000000000002cd0       0x10 android_ReleaseG_aarch64/conv3x3_test.o
 .rodata.cst16  0x0000000000002ce0       0x10 android_ReleaseG_aarch64/conv3x3_test.o
 .rodata        0x0000000000002cf0       0x14 android_ReleaseG_aarch64/conv3x3_test.o
                0x0000000000002cf0                KernelSize
                0x0000000000002cf4                KernelLen
                0x0000000000002cf8                Width
                0x0000000000002cfc                Height
                0x0000000000002d00                Stride
 .rodata.str1.1
                0x0000000000002d04      0x18d android_ReleaseG_aarch64/conv3x3_test.o
 *fill*         0x0000000000002e91        0xf 
 .rodata.str1.16
                0x0000000000002ea0       0x38 android_ReleaseG_aarch64/conv3x3_test.o
 .rodata.str1.4
                0x0000000000002ed8       0x10 android_ReleaseG_aarch64/conv3x3_test.o
                                          0xe (size before relaxing)
 .rodata        0x0000000000002ee8       0x18 android_ReleaseG_aarch64/dsp_capabilities_utils.o
 .rodata.str1.1
                0x0000000000002f00       0x5e android_ReleaseG_aarch64/dsp_capabilities_utils.o
 *fill*         0x0000000000002f5e        0x2 
 .rodata.str1.16
                0x0000000000002f60      0x180 android_ReleaseG_aarch64/dsp_capabilities_utils.o
                                        0x174 (size before relaxing)
 .rodata.str1.1
                0x00000000000030e0      0x3d4 android_ReleaseG_aarch64/ion_allocation.o
                                        0x3de (size before relaxing)

.rodata1
 *(.rodata1)

.eh_frame_hdr
 *(.eh_frame_hdr)
 *(.eh_frame_entry .eh_frame_entry.*)

.eh_frame
 *(.eh_frame)
 *(.eh_frame.*)

.gcc_except_table
 *(.gcc_except_table .gcc_except_table.*)

.gnu_extab
 *(.gnu_extab*)

.exception_ranges
 *(.exception_ranges .exception_ranges*)
                0x00000000000134b4                . = DATA_SEGMENT_ALIGN (0x10000, 0x1000)

.eh_frame
 *(.eh_frame)
 *(.eh_frame.*)

.gnu_extab
 *(.gnu_extab)

.gcc_except_table
 *(.gcc_except_table .gcc_except_table.*)

.exception_ranges
 *(.exception_ranges .exception_ranges*)

.tdata
 *(.tdata .tdata.* .gnu.linkonce.td.*)

.tbss
 *(.tbss .tbss.* .gnu.linkonce.tb.*)
 *(.tcommon)

.preinit_array  0x00000000000134b8       0x10
                [!provide]                        PROVIDE (__preinit_array_start, .)
 *(.preinit_array)
 .preinit_array
                0x00000000000134b8        0x8 /home/lvhang/hexagon4.3/Hexagon_SDK/4.3.0.0/tools/android-ndk-r19c/platforms/android-26/arch-arm64/usr/lib/crtbegin_dynamic.o
                0x00000000000134b8                __PREINIT_ARRAY__
 .preinit_array
                0x00000000000134c0        0x8 /home/lvhang/hexagon4.3/Hexagon_SDK/4.3.0.0/tools/android-ndk-r19c/platforms/android-26/arch-arm64/usr/lib/crtend_android.o
                [!provide]                        PROVIDE (__preinit_array_end, .)

.init_array     0x00000000000134c8       0x10
                [!provide]                        PROVIDE (__init_array_start, .)
 *(SORT(.init_array.*) SORT(.ctors.*))
 *(.init_array EXCLUDE_FILE(*crtend?.o *crtend.o *crtbegin?.o *crtbegin.o) .ctors)
 .init_array    0x00000000000134c8        0x8 /home/lvhang/hexagon4.3/Hexagon_SDK/4.3.0.0/tools/android-ndk-r19c/platforms/android-26/arch-arm64/usr/lib/crtbegin_dynamic.o
                0x00000000000134c8                __INIT_ARRAY__
 .init_array    0x00000000000134d0        0x8 /home/lvhang/hexagon4.3/Hexagon_SDK/4.3.0.0/tools/android-ndk-r19c/platforms/android-26/arch-arm64/usr/lib/crtend_android.o
                [!provide]                        PROVIDE (__init_array_end, .)

.fini_array     0x00000000000134d8       0x10
                [!provide]                        PROVIDE (__fini_array_start, .)
 *(SORT(.fini_array.*) SORT(.dtors.*))
 *(.fini_array EXCLUDE_FILE(*crtend?.o *crtend.o *crtbegin?.o *crtbegin.o) .dtors)
 .fini_array    0x00000000000134d8        0x8 /home/lvhang/hexagon4.3/Hexagon_SDK/4.3.0.0/tools/android-ndk-r19c/platforms/android-26/arch-arm64/usr/lib/crtbegin_dynamic.o
                0x00000000000134d8                __FINI_ARRAY__
 .fini_array    0x00000000000134e0        0x8 /home/lvhang/hexagon4.3/Hexagon_SDK/4.3.0.0/tools/android-ndk-r19c/platforms/android-26/arch-arm64/usr/lib/crtend_android.o
                [!provide]                        PROVIDE (__fini_array_end, .)

.ctors
 *crtbegin.o(.ctors)
 *crtbegin?.o(.ctors)
 *(EXCLUDE_FILE(*crtend?.o *crtend.o) .ctors)
 *(SORT(.ctors.*))
 *(.ctors)

.dtors
 *crtbegin.o(.dtors)
 *crtbegin?.o(.dtors)
 *(EXCLUDE_FILE(*crtend?.o *crtend.o) .dtors)
 *(SORT(.dtors.*))
 *(.dtors)

.jcr
 *(.jcr)

.data.rel.ro
 *(.data.rel.ro.local* .gnu.linkonce.d.rel.ro.local.*)
 *(.data.rel.ro .data.rel.ro.* .gnu.linkonce.d.rel.ro.*)

.dynamic        0x00000000000134e8      0x220
 *(.dynamic)
 .dynamic       0x00000000000134e8      0x220 /home/lvhang/hexagon4.3/Hexagon_SDK/4.3.0.0/tools/android-ndk-r19c/platforms/android-26/arch-arm64/usr/lib/crtbegin_dynamic.o
                0x00000000000134e8                _DYNAMIC

.got            0x0000000000013708       0xa8
 *(.got)
 .got           0x0000000000013708       0xa8 /home/lvhang/hexagon4.3/Hexagon_SDK/4.3.0.0/tools/android-ndk-r19c/platforms/android-26/arch-arm64/usr/lib/crtbegin_dynamic.o
                0x0000000000013708                _GLOBAL_OFFSET_TABLE_
 *(.igot)
                0x00000000000137b0                . = DATA_SEGMENT_RELRO_END (., 0x18)

.got.plt        0x00000000000137b0      0x120
 *(.got.plt)
 .got.plt       0x00000000000137b0      0x120 /home/lvhang/hexagon4.3/Hexagon_SDK/4.3.0.0/tools/android-ndk-r19c/platforms/android-26/arch-arm64/usr/lib/crtbegin_dynamic.o
 *(.igot.plt)

.data           0x00000000000138d0        0xc
                [!provide]                        PROVIDE (__data_start, .)
 *(.data .data.* .gnu.linkonce.d.*)
 .data          0x00000000000138d0        0xc android_ReleaseG_aarch64/ion_allocation.o
                0x00000000000138d0                dmabuf_heap
                0x00000000000138d8                ion_fd

.data1
 *(.data1)
                0x00000000000138dc                _edata = .
                [!provide]                        PROVIDE (edata, .)
                0x00000000000138dc                __bss_start = .
                0x00000000000138dc                __bss_start__ = .

.bss            0x00000000000138e0       0x90
 *(.dynbss)
 .dynbss        0x00000000000138e0        0x0 /home/lvhang/hexagon4.3/Hexagon_SDK/4.3.0.0/tools/android-ndk-r19c/platforms/android-26/arch-arm64/usr/lib/crtbegin_dynamic.o
 *(.bss .bss.* .gnu.linkonce.b.*)
 .bss           0x00000000000138e0        0x8 /home/lvhang/hexagon4.3/Hexagon_SDK/4.3.0.0/tools/android-ndk-r19c/platforms/android-26/arch-arm64/usr/lib/crtbegin_dynamic.o
                0x00000000000138e0                __dso_handle
 .bss           0x00000000000138e8       0x88 android_ReleaseG_aarch64/ion_allocation.o
                0x00000000000138e8                use_libdmabuf
                0x00000000000138ec                use_newer_ioctl
                0x00000000000138f0                use_libion
                0x00000000000138f8                dmabufAllocator
                0x0000000000013900                dmabuf_create_fn
                0x0000000000013908                dmabuf_alloc_fn
                0x0000000000013910                dmabuf_deinit_fn
                0x0000000000013918                ion_open_fn
                0x0000000000013920                ion_alloc_fd_fn
                0x0000000000013928                allocations
                0x0000000000013948                allocations_mutex
 *(COMMON)
                0x0000000000013970                . = ALIGN ((. != 0x0)?0x8:0x1)
                0x0000000000013970                _bss_end__ = .
                0x0000000000013970                __bss_end__ = .
                0x0000000000013970                . = ALIGN (0x8)
                0x0000000000013970                . = SEGMENT_START ("ldata-segment", .)
                0x0000000000013970                . = ALIGN (0x8)
                0x0000000000013970                __end__ = .
                0x0000000000013970                _end = .
                [!provide]                        PROVIDE (end, .)
                0x0000000000013970                . = DATA_SEGMENT_END (.)

.stab
 *(.stab)

.stabstr
 *(.stabstr)

.stab.excl
 *(.stab.excl)

.stab.exclstr
 *(.stab.exclstr)

.stab.index
 *(.stab.index)

.stab.indexstr
 *(.stab.indexstr)

.comment        0x0000000000000000      0x107
 *(.comment)
 .comment       0x0000000000000000      0x107 /home/lvhang/hexagon4.3/Hexagon_SDK/4.3.0.0/tools/android-ndk-r19c/platforms/android-26/arch-arm64/usr/lib/crtbegin_dynamic.o
                                        0x108 (size before relaxing)
 .comment       0x0000000000000107      0x108 android_ReleaseG_aarch64/conv3x3_main.o
 .comment       0x0000000000000107      0x108 android_ReleaseG_aarch64/conv3x3_test.o
 .comment       0x0000000000000107      0x108 android_ReleaseG_aarch64/dsp_capabilities_utils.o
 .comment       0x0000000000000107      0x108 android_ReleaseG_aarch64/ion_allocation.o

.debug
 *(.debug)

.line
 *(.line)

.debug_srcinfo
 *(.debug_srcinfo)

.debug_sfnames
 *(.debug_sfnames)

.debug_aranges
 *(.debug_aranges)

.debug_pubnames
                0x0000000000000000      0x284
 *(.debug_pubnames)
 .debug_pubnames
                0x0000000000000000       0x2b android_ReleaseG_aarch64/conv3x3_main.o
 .debug_pubnames
                0x000000000000002b       0x8f android_ReleaseG_aarch64/conv3x3_test.o
 .debug_pubnames
                0x00000000000000ba       0x53 android_ReleaseG_aarch64/dsp_capabilities_utils.o
 .debug_pubnames
                0x000000000000010d      0x177 android_ReleaseG_aarch64/ion_allocation.o

.debug_info     0x0000000000000000     0x114c
 *(.debug_info .gnu.linkonce.wi.*)
 .debug_info    0x0000000000000000      0x150 android_ReleaseG_aarch64/conv3x3_main.o
 .debug_info    0x0000000000000150      0x6b8 android_ReleaseG_aarch64/conv3x3_test.o
 .debug_info    0x0000000000000808      0x1f1 android_ReleaseG_aarch64/dsp_capabilities_utils.o
 .debug_info    0x00000000000009f9      0x753 android_ReleaseG_aarch64/ion_allocation.o

.debug_abbrev   0x0000000000000000      0x49b
 *(.debug_abbrev)
 .debug_abbrev  0x0000000000000000       0x87 android_ReleaseG_aarch64/conv3x3_main.o
 .debug_abbrev  0x0000000000000087      0x167 android_ReleaseG_aarch64/conv3x3_test.o
 .debug_abbrev  0x00000000000001ee       0xb3 android_ReleaseG_aarch64/dsp_capabilities_utils.o
 .debug_abbrev  0x00000000000002a1      0x1fa android_ReleaseG_aarch64/ion_allocation.o

.debug_line     0x0000000000000000     0x111e
 *(.debug_line .debug_line.* .debug_line_end)
 .debug_line    0x0000000000000000      0x1a6 android_ReleaseG_aarch64/conv3x3_main.o
 .debug_line    0x00000000000001a6      0x6ca android_ReleaseG_aarch64/conv3x3_test.o
 .debug_line    0x0000000000000870      0x25a android_ReleaseG_aarch64/dsp_capabilities_utils.o
 .debug_line    0x0000000000000aca      0x654 android_ReleaseG_aarch64/ion_allocation.o

.debug_frame    0x0000000000000000      0x2c0
 *(.debug_frame)
 .debug_frame   0x0000000000000000       0x50 android_ReleaseG_aarch64/conv3x3_main.o
 .debug_frame   0x0000000000000050       0xb8 android_ReleaseG_aarch64/conv3x3_test.o
 .debug_frame   0x0000000000000108       0x88 android_ReleaseG_aarch64/dsp_capabilities_utils.o
 .debug_frame   0x0000000000000190      0x130 android_ReleaseG_aarch64/ion_allocation.o

.debug_str      0x0000000000000000      0x9be
 *(.debug_str)
 .debug_str     0x0000000000000000      0x1d6 android_ReleaseG_aarch64/conv3x3_main.o
                                        0x1fa (size before relaxing)
 .debug_str     0x00000000000001d6      0x2ae android_ReleaseG_aarch64/conv3x3_test.o
                                        0x4a5 (size before relaxing)
 .debug_str     0x0000000000000484      0x219 android_ReleaseG_aarch64/dsp_capabilities_utils.o
                                        0x39f (size before relaxing)
 .debug_str     0x000000000000069d      0x321 android_ReleaseG_aarch64/ion_allocation.o
                                        0x544 (size before relaxing)

.debug_loc      0x0000000000000000     0x1ba5
 *(.debug_loc)
 .debug_loc     0x0000000000000000      0x329 android_ReleaseG_aarch64/conv3x3_main.o
 .debug_loc     0x0000000000000329      0xecb android_ReleaseG_aarch64/conv3x3_test.o
 .debug_loc     0x00000000000011f4      0x281 android_ReleaseG_aarch64/dsp_capabilities_utils.o
 .debug_loc     0x0000000000001475      0x730 android_ReleaseG_aarch64/ion_allocation.o

.debug_macinfo  0x0000000000000000        0x4
 *(.debug_macinfo)
 .debug_macinfo
                0x0000000000000000        0x1 android_ReleaseG_aarch64/conv3x3_main.o
 .debug_macinfo
                0x0000000000000001        0x1 android_ReleaseG_aarch64/conv3x3_test.o
 .debug_macinfo
                0x0000000000000002        0x1 android_ReleaseG_aarch64/dsp_capabilities_utils.o
 .debug_macinfo
                0x0000000000000003        0x1 android_ReleaseG_aarch64/ion_allocation.o

.debug_weaknames
 *(.debug_weaknames)

.debug_funcnames
 *(.debug_funcnames)

.debug_typenames
 *(.debug_typenames)

.debug_varnames
 *(.debug_varnames)

.debug_pubtypes
                0x0000000000000000      0x476
 *(.debug_pubtypes)
 .debug_pubtypes
                0x0000000000000000       0x65 android_ReleaseG_aarch64/conv3x3_main.o
 .debug_pubtypes
                0x0000000000000065      0x190 android_ReleaseG_aarch64/conv3x3_test.o
 .debug_pubtypes
                0x00000000000001f5       0x9f android_ReleaseG_aarch64/dsp_capabilities_utils.o
 .debug_pubtypes
                0x0000000000000294      0x1e2 android_ReleaseG_aarch64/ion_allocation.o

.debug_ranges   0x0000000000000000      0x1d0
 *(.debug_ranges)
 .debug_ranges  0x0000000000000000       0xb0 android_ReleaseG_aarch64/conv3x3_test.o
 .debug_ranges  0x00000000000000b0       0x90 android_ReleaseG_aarch64/dsp_capabilities_utils.o
 .debug_ranges  0x0000000000000140       0x90 android_ReleaseG_aarch64/ion_allocation.o

.debug_macro
 *(.debug_macro)

.debug_addr
 *(.debug_addr)

.ARM.attributes
 *(.ARM.attributes)
 *(.gnu.attributes)

.note.gnu.arm.ident
 *(.note.gnu.arm.ident)

/DISCARD/
 *(.note.GNU-stack)
 *(.gnu_debuglink)
 *(.gnu.lto_*)
OUTPUT(android_ReleaseG_aarch64/conv3x3 elf64-littleaarch64)
