
Discarded input sections

 .note.GNU-stack
                0x0000000000000000        0x0 android_ReleaseG_aarch64/conv3x3_stub.o

Memory Configuration

Name             Origin             Length             Attributes
*default*        0x0000000000000000 0xffffffffffffffff

Linker script and memory map

START GROUP
LOAD android_ReleaseG_aarch64/conv3x3_stub.o
LOAD /home/lvhang/hexagon4.3/Hexagon_SDK/4.3.0.0/ipc/fastrpc/remote/ship/android_aarch64//libadsprpc.so
END GROUP
LOAD /home/lvhang/hexagon4.3/Hexagon_SDK/4.3.0.0/tools/android-ndk-r19c/platforms/android-26/arch-arm64/usr/lib/libm.so
LOAD /home/lvhang/hexagon4.3/Hexagon_SDK/4.3.0.0/tools/android-ndk-r19c/platforms/android-26/arch-arm64/usr/lib/libc.so
LOAD /home/lvhang/hexagon4.3/Hexagon_SDK/4.3.0.0/tools/android-ndk-r19c/platforms/android-26/arch-arm64/usr/lib/libdl.so
LOAD /home/lvhang/hexagon4.3/Hexagon_SDK/4.3.0.0/tools/android-ndk-r19c/toolchains/llvm/prebuilt/linux-x86_64/bin/../lib/gcc/aarch64-linux-android/4.9.x/libgcc.a
LOAD /home/lvhang/hexagon4.3/Hexagon_SDK/4.3.0.0/tools/android-ndk-r19c/platforms/android-26/arch-arm64/usr/lib/libcompiler_rt-extras.a
LOAD /home/lvhang/hexagon4.3/Hexagon_SDK/4.3.0.0/tools/android-ndk-r19c/toolchains/llvm/prebuilt/linux-x86_64/bin/../lib/gcc/aarch64-linux-android/4.9.x/libgcc_real.a
                0x0000000000000120                . = (0x0 + SIZEOF_HEADERS)

.note.gnu.build-id
 *(.note.gnu.build-id)

.hash           0x0000000000000120       0x60
 *(.hash)
 .hash          0x0000000000000120       0x60 android_ReleaseG_aarch64/conv3x3_stub.o

.gnu.hash
 *(.gnu.hash)

.dynsym         0x0000000000000180      0x1c8
 *(.dynsym)
 .dynsym        0x0000000000000180      0x1c8 android_ReleaseG_aarch64/conv3x3_stub.o

.dynstr         0x0000000000000348      0x10d
 *(.dynstr)
 .dynstr        0x0000000000000348      0x10d android_ReleaseG_aarch64/conv3x3_stub.o

.gnu.version    0x0000000000000456        0x0
 *(.gnu.version)
 .gnu.version   0x0000000000000456        0x0 android_ReleaseG_aarch64/conv3x3_stub.o

.gnu.version_d  0x0000000000000458        0x0
 *(.gnu.version_d)
 .gnu.version_d
                0x0000000000000458        0x0 android_ReleaseG_aarch64/conv3x3_stub.o

.gnu.version_r  0x0000000000000458        0x0
 *(.gnu.version_r)
 .gnu.version_r
                0x0000000000000458        0x0 android_ReleaseG_aarch64/conv3x3_stub.o

.rela.dyn       0x0000000000000458      0x2a0
 *(.rela.init)
 *(.rela.text .rela.text.* .rela.gnu.linkonce.t.*)
 *(.rela.fini)
 *(.rela.rodata .rela.rodata.* .rela.gnu.linkonce.r.*)
 *(.rela.data .rela.data.* .rela.gnu.linkonce.d.*)
 .rela.data.rel.ro
                0x0000000000000458      0x2a0 android_ReleaseG_aarch64/conv3x3_stub.o
 *(.rela.tdata .rela.tdata.* .rela.gnu.linkonce.td.*)
 *(.rela.tbss .rela.tbss.* .rela.gnu.linkonce.tb.*)
 *(.rela.ctors)
 *(.rela.dtors)
 *(.rela.got)
 .rela.got      0x00000000000006f8        0x0 android_ReleaseG_aarch64/conv3x3_stub.o
 *(.rela.bss .rela.bss.* .rela.gnu.linkonce.b.*)
 *(.rela.ifunc)
 .rela.ifunc    0x00000000000006f8        0x0 android_ReleaseG_aarch64/conv3x3_stub.o

.rela.plt       0x00000000000006f8       0x48
 *(.rela.plt)
 .rela.plt      0x00000000000006f8       0x48 android_ReleaseG_aarch64/conv3x3_stub.o
 *(.rela.iplt)

.init
 *(SORT(.init))

.plt            0x0000000000000740       0x50
 *(.plt)
 .plt           0x0000000000000740       0x50 android_ReleaseG_aarch64/conv3x3_stub.o
 *(.iplt)

.text           0x0000000000000790      0x118
 *(.text.unlikely .text.*_unlikely .text.unlikely.*)
 *(.text.exit .text.exit.*)
 *(.text.startup .text.startup.*)
 *(.text.hot .text.hot.*)
 *(.text .stub .text.* .gnu.linkonce.t.*)
 .text          0x0000000000000790      0x118 android_ReleaseG_aarch64/conv3x3_stub.o
                0x0000000000000790                conv3x3_open
                0x0000000000000794                conv3x3_close
                0x0000000000000798                conv3x3_sum
                0x00000000000007f0                conv3x3_intrinsicimp
                0x0000000000000850                conv3x3_halideimp
 *(.gnu.warning)

.fini
 *(SORT(.fini))
                [!provide]                        PROVIDE (__etext, .)
                [!provide]                        PROVIDE (_etext, .)
                [!provide]                        PROVIDE (etext, .)

.rodata         0x00000000000008a8       0xa8
 *(.rodata .rodata.* .gnu.linkonce.r.*)
 .rodata        0x00000000000008a8       0xa8 android_ReleaseG_aarch64/conv3x3_stub.o

.rodata1
 *(.rodata1)

.eh_frame_hdr
 *(.eh_frame_hdr)
 *(.eh_frame_entry .eh_frame_entry.*)

.eh_frame
 *(.eh_frame)
 *(.eh_frame.*)

.gcc_except_table
 *(.gcc_except_table .gcc_except_table.*)

.gnu_extab
 *(.gnu_extab*)

.exception_ranges
 *(.exception_ranges .exception_ranges*)
                0x0000000000010950                . = DATA_SEGMENT_ALIGN (0x10000, 0x1000)

.eh_frame
 *(.eh_frame)
 *(.eh_frame.*)

.gnu_extab
 *(.gnu_extab)

.gcc_except_table
 *(.gcc_except_table .gcc_except_table.*)

.exception_ranges
 *(.exception_ranges .exception_ranges*)

.tdata
 *(.tdata .tdata.* .gnu.linkonce.td.*)

.tbss
 *(.tbss .tbss.* .gnu.linkonce.tb.*)
 *(.tcommon)

.preinit_array
 *(.preinit_array)

.init_array
 *(SORT(.init_array.*) SORT(.ctors.*))
 *(.init_array EXCLUDE_FILE(*crtend?.o *crtend.o *crtbegin?.o *crtbegin.o) .ctors)

.fini_array
 *(SORT(.fini_array.*) SORT(.dtors.*))
 *(.fini_array EXCLUDE_FILE(*crtend?.o *crtend.o *crtbegin?.o *crtbegin.o) .dtors)

.ctors
 *crtbegin.o(.ctors)
 *crtbegin?.o(.ctors)
 *(EXCLUDE_FILE(*crtend?.o *crtend.o) .ctors)
 *(SORT(.ctors.*))
 *(.ctors)

.dtors
 *crtbegin.o(.dtors)
 *crtbegin?.o(.dtors)
 *(EXCLUDE_FILE(*crtend?.o *crtend.o) .dtors)
 *(SORT(.dtors.*))
 *(.dtors)

.jcr
 *(.jcr)

.data.rel.ro    0x0000000000010950      0x268
 *(.data.rel.ro.local* .gnu.linkonce.d.rel.ro.local.*)
 *(.data.rel.ro .data.rel.ro.* .gnu.linkonce.d.rel.ro.*)
 .data.rel.ro   0x0000000000010950      0x268 android_ReleaseG_aarch64/conv3x3_stub.o
                0x0000000000010978                conv3x3_slim

.dynamic        0x0000000000010bb8      0x170
 *(.dynamic)
 .dynamic       0x0000000000010bb8      0x170 android_ReleaseG_aarch64/conv3x3_stub.o
                0x0000000000010bb8                _DYNAMIC

.got            0x0000000000010d28        0x8
 *(.got)
 .got           0x0000000000010d28        0x8 android_ReleaseG_aarch64/conv3x3_stub.o
                0x0000000000010d28                _GLOBAL_OFFSET_TABLE_
 *(.igot)
                0x0000000000010d30                . = DATA_SEGMENT_RELRO_END (., 0x18)

.got.plt        0x0000000000010d30       0x30
 *(.got.plt)
 .got.plt       0x0000000000010d30       0x30 android_ReleaseG_aarch64/conv3x3_stub.o
 *(.igot.plt)

.data           0x0000000000010d60        0x0
                [!provide]                        PROVIDE (__data_start, .)
 *(.data .data.* .gnu.linkonce.d.*)

.data1
 *(.data1)
                0x0000000000010d60                _edata = .
                [!provide]                        PROVIDE (edata, .)
                0x0000000000010d60                __bss_start = .
                0x0000000000010d60                __bss_start__ = .

.bss            0x0000000000010d60        0x0
 *(.dynbss)
 .dynbss        0x0000000000010d60        0x0 android_ReleaseG_aarch64/conv3x3_stub.o
 *(.bss .bss.* .gnu.linkonce.b.*)
 *(COMMON)
                0x0000000000010d60                . = ALIGN ((. != 0x0)?0x8:0x1)
                0x0000000000010d60                _bss_end__ = .
                0x0000000000010d60                __bss_end__ = .
                0x0000000000010d60                . = ALIGN (0x8)
                0x0000000000010d60                . = SEGMENT_START ("ldata-segment", .)
                0x0000000000010d60                . = ALIGN (0x8)
                0x0000000000010d60                __end__ = .
                0x0000000000010d60                _end = .
                [!provide]                        PROVIDE (end, .)
                0x0000000000010d60                . = DATA_SEGMENT_END (.)

.stab
 *(.stab)

.stabstr
 *(.stabstr)

.stab.excl
 *(.stab.excl)

.stab.exclstr
 *(.stab.exclstr)

.stab.index
 *(.stab.index)

.stab.indexstr
 *(.stab.indexstr)

.comment        0x0000000000000000      0x107
 *(.comment)
 .comment       0x0000000000000000      0x107 android_ReleaseG_aarch64/conv3x3_stub.o
                                        0x108 (size before relaxing)

.debug
 *(.debug)

.line
 *(.line)

.debug_srcinfo
 *(.debug_srcinfo)

.debug_sfnames
 *(.debug_sfnames)

.debug_aranges
 *(.debug_aranges)

.debug_pubnames
                0x0000000000000000      0x13c
 *(.debug_pubnames)
 .debug_pubnames
                0x0000000000000000      0x13c android_ReleaseG_aarch64/conv3x3_stub.o

.debug_info     0x0000000000000000     0x10dc
 *(.debug_info .gnu.linkonce.wi.*)
 .debug_info    0x0000000000000000     0x10dc android_ReleaseG_aarch64/conv3x3_stub.o

.debug_abbrev   0x0000000000000000      0x1ac
 *(.debug_abbrev)
 .debug_abbrev  0x0000000000000000      0x1ac android_ReleaseG_aarch64/conv3x3_stub.o

.debug_line     0x0000000000000000      0x29f
 *(.debug_line .debug_line.* .debug_line_end)
 .debug_line    0x0000000000000000      0x29f android_ReleaseG_aarch64/conv3x3_stub.o

.debug_frame    0x0000000000000000       0xa8
 *(.debug_frame)
 .debug_frame   0x0000000000000000       0xa8 android_ReleaseG_aarch64/conv3x3_stub.o

.debug_str      0x0000000000000000      0x6b4
 *(.debug_str)
 .debug_str     0x0000000000000000      0x6b4 android_ReleaseG_aarch64/conv3x3_stub.o
                                        0x719 (size before relaxing)

.debug_loc      0x0000000000000000      0x550
 *(.debug_loc)
 .debug_loc     0x0000000000000000      0x550 android_ReleaseG_aarch64/conv3x3_stub.o

.debug_macinfo  0x0000000000000000        0x1
 *(.debug_macinfo)
 .debug_macinfo
                0x0000000000000000        0x1 android_ReleaseG_aarch64/conv3x3_stub.o

.debug_weaknames
 *(.debug_weaknames)

.debug_funcnames
 *(.debug_funcnames)

.debug_typenames
 *(.debug_typenames)

.debug_varnames
 *(.debug_varnames)

.debug_pubtypes
                0x0000000000000000      0x208
 *(.debug_pubtypes)
 .debug_pubtypes
                0x0000000000000000      0x208 android_ReleaseG_aarch64/conv3x3_stub.o

.debug_ranges
 *(.debug_ranges)

.debug_macro
 *(.debug_macro)

.debug_addr
 *(.debug_addr)

.ARM.attributes
 *(.ARM.attributes)
 *(.gnu.attributes)

.note.gnu.arm.ident
 *(.note.gnu.arm.ident)

/DISCARD/
 *(.note.GNU-stack)
 *(.gnu_debuglink)
 *(.gnu.lto_*)
OUTPUT(android_ReleaseG_aarch64/libconv3x3.so elf64-littleaarch64)
